#
# There is insufficient memory for the Java Runtime Environment to continue.
# Native memory allocation (malloc) failed to allocate 1278656 bytes. Error detail: Chunk::new
# Possible reasons:
#   The system is out of physical RAM or swap space
#   This process is running with CompressedOops enabled, and the Java Heap may be blocking the growth of the native heap
# Possible solutions:
#   Reduce memory load on the system
#   Increase physical memory or swap space
#   Check if swap backing store is full
#   Decrease Java heap size (-Xmx/-Xms)
#   Decrease number of Java threads
#   Decrease Java thread stack sizes (-Xss)
#   Set larger code cache with -XX:ReservedCodeCacheSize=
#   JVM is running with Unscaled Compressed Oops mode in which the Java heap is
#     placed in the first 4GB address space. The Java Heap base address is the
#     maximum limit for the native heap growth. Please use -XX:HeapBaseMinAddress
#     to set the Java Heap base and to place the Java Heap above 4GB virtual address.
# This output file may be truncated or incomplete.
#
#  Out of Memory Error (arena.cpp:168), pid=39776, tid=38000
#
# JRE version: OpenJDK Runtime Environment Temurin-21.0.6+7 (21.0.6+7) (build 21.0.6+7-LTS)
# Java VM: OpenJDK 64-Bit Server VM Temurin-21.0.6+7 (21.0.6+7-LTS, mixed mode, sharing, tiered, compressed oops, compressed class ptrs, g1 gc, windows-amd64)
# No core dump will be written. Minidumps are not enabled by default on client versions of Windows
#

---------------  S U M M A R Y ------------

Command Line: -Dfile.encoding=UTF-8 -Dstdout.encoding=UTF-8 -Dstderr.encoding=UTF-8 -XX:+ShowCodeDetailsInExceptionMessages SeleniumTask10.SeleniumTask10Q3

Host: Intel(R) Core(TM) i5-8250U CPU @ 1.60GHz, 8 cores, 7G,  Windows 10 , 64 bit Build 19041 (10.0.19041.5678)
Time: Sat May 24 13:17:14 2025 India Standard Time elapsed time: 7.548291 seconds (0d 0h 0m 7s)

---------------  T H R E A D  ---------------

Current thread (0x0000027a3adedc20):  JavaThread "C2 CompilerThread0" daemon [_thread_in_native, id=38000, stack(0x000000f9ecf00000,0x000000f9ed000000) (1024K)]


Current CompileTask:
C2:7548 1758       4       java.lang.invoke.MethodType::makeImpl (109 bytes)

Stack: [0x000000f9ecf00000,0x000000f9ed000000]
Native frames: (J=compiled Java code, j=interpreted, Vv=VM code, C=native code)
V  [jvm.dll+0x6cdee9]
V  [jvm.dll+0x8a83d1]
V  [jvm.dll+0x8aa8fe]
V  [jvm.dll+0x8aafe3]
V  [jvm.dll+0x27f706]
V  [jvm.dll+0xc500d]
V  [jvm.dll+0xc5543]
V  [jvm.dll+0x3b678c]
V  [jvm.dll+0x1dfe13]
V  [jvm.dll+0x247b42]
V  [jvm.dll+0x246fcf]
V  [jvm.dll+0x1c75ee]
V  [jvm.dll+0x25685a]
V  [jvm.dll+0x254dfa]
V  [jvm.dll+0x3f0256]
V  [jvm.dll+0x851f8b]
V  [jvm.dll+0x6cc5ed]
C  [ucrtbase.dll+0x21bb2]
C  [KERNEL32.DLL+0x17374]
C  [ntdll.dll+0x4cc91]


---------------  P R O C E S S  ---------------

Threads class SMR info:
_java_thread_list=0x0000027a00749060, length=25, elements={
0x0000027a20ca3c50, 0x0000027a3add5910, 0x0000027a3add6720, 0x0000027a3adda670,
0x0000027a3addb0c0, 0x0000027a3ade6b40, 0x0000027a3adeaa90, 0x0000027a3adedc20,
0x0000027a3adee6b0, 0x0000027a0012aa90, 0x0000027a00131120, 0x0000027a0097f5b0,
0x0000027a00a9e2a0, 0x0000027a00aae240, 0x0000027a00ab3f30, 0x0000027a00ac5910,
0x0000027a00ac7790, 0x0000027a0061f690, 0x0000027a0051b7f0, 0x0000027a003be4f0,
0x0000027a003bde60, 0x0000027a003bb070, 0x0000027a003bc420, 0x0000027a003bcab0,
0x0000027a003bb700
}

Java Threads: ( => current thread )
  0x0000027a20ca3c50 JavaThread "Forwarding get on session 8ad6ac65abde4b02bb337e2366b69c29 to remote"        [_thread_blocked, id=34440, stack(0x000000f9ec100000,0x000000f9ec200000) (1024K)]
  0x0000027a3add5910 JavaThread "Reference Handler"          daemon [_thread_blocked, id=7564, stack(0x000000f9ec900000,0x000000f9eca00000) (1024K)]
  0x0000027a3add6720 JavaThread "Finalizer"                  daemon [_thread_blocked, id=13488, stack(0x000000f9eca00000,0x000000f9ecb00000) (1024K)]
  0x0000027a3adda670 JavaThread "Signal Dispatcher"          daemon [_thread_blocked, id=18632, stack(0x000000f9ecb00000,0x000000f9ecc00000) (1024K)]
  0x0000027a3addb0c0 JavaThread "Attach Listener"            daemon [_thread_blocked, id=6916, stack(0x000000f9ecc00000,0x000000f9ecd00000) (1024K)]
  0x0000027a3ade6b40 JavaThread "Service Thread"             daemon [_thread_blocked, id=16056, stack(0x000000f9ecd00000,0x000000f9ece00000) (1024K)]
  0x0000027a3adeaa90 JavaThread "Monitor Deflation Thread"   daemon [_thread_blocked, id=15632, stack(0x000000f9ece00000,0x000000f9ecf00000) (1024K)]
=>0x0000027a3adedc20 JavaThread "C2 CompilerThread0"         daemon [_thread_in_native, id=38000, stack(0x000000f9ecf00000,0x000000f9ed000000) (1024K)]
  0x0000027a3adee6b0 JavaThread "C1 CompilerThread0"         daemon [_thread_blocked, id=26176, stack(0x000000f9ed000000,0x000000f9ed100000) (1024K)]
  0x0000027a0012aa90 JavaThread "Notification Thread"        daemon [_thread_blocked, id=16864, stack(0x000000f9ed100000,0x000000f9ed200000) (1024K)]
  0x0000027a00131120 JavaThread "Common-Cleaner"             daemon [_thread_blocked, id=16404, stack(0x000000f9ed200000,0x000000f9ed300000) (1024K)]
  0x0000027a0097f5b0 JavaThread "ForkJoinPool.commonPool-worker-1" daemon [_thread_blocked, id=23896, stack(0x000000f9ed300000,0x000000f9ed400000) (1024K)]
  0x0000027a00a9e2a0 JavaThread "HttpClient-1-SelectorManager" daemon [_thread_in_native, id=17696, stack(0x000000f9edb00000,0x000000f9edc00000) (1024K)]
  0x0000027a00aae240 JavaThread "External Process Output Forwarder - C:\Users\HOME\.cache\selenium\msedgedriver\win64\136.0.3240.76\msedgedriver.exe" daemon [_thread_in_native, id=37588, stack(0x000000f9edc00000,0x000000f9edd00000) (1024K)]
  0x0000027a00ab3f30 JavaThread "Driver Service Executor"    daemon [_thread_blocked, id=3604, stack(0x000000f9edd00000,0x000000f9ede00000) (1024K)]
  0x0000027a00ac5910 JavaThread "Driver Service Executor"    daemon [_thread_in_native, id=39752, stack(0x000000f9ede00000,0x000000f9edf00000) (1024K)]
  0x0000027a00ac7790 JavaThread "UrlChecker-2"               daemon [_thread_blocked, id=11316, stack(0x000000f9edf00000,0x000000f9ee000000) (1024K)]
  0x0000027a0061f690 JavaThread "Keep-Alive-Timer"           daemon [_thread_blocked, id=25472, stack(0x000000f9ee100000,0x000000f9ee200000) (1024K)]
  0x0000027a0051b7f0 JavaThread "JdkHttpClient-0-0"          daemon [_thread_blocked, id=40068, stack(0x000000f9ee200000,0x000000f9ee300000) (1024K)]
  0x0000027a003be4f0 JavaThread "JdkHttpClient-0-1"          daemon [_thread_blocked, id=22432, stack(0x000000f9ee300000,0x000000f9ee400000) (1024K)]
  0x0000027a003bde60 JavaThread "JdkHttpClient-0-2"          daemon [_thread_blocked, id=9124, stack(0x000000f9ee400000,0x000000f9ee500000) (1024K)]
  0x0000027a003bb070 JavaThread "HttpClient-2-SelectorManager" daemon [_thread_in_native, id=36556, stack(0x000000f9ee500000,0x000000f9ee600000) (1024K)]
  0x0000027a003bc420 JavaThread "JdkHttpClient-1-0"          daemon [_thread_blocked, id=29080, stack(0x000000f9ee600000,0x000000f9ee700000) (1024K)]
  0x0000027a003bcab0 JavaThread "JdkHttpClient-1-1"          daemon [_thread_blocked, id=8776, stack(0x000000f9ee700000,0x000000f9ee800000) (1024K)]
  0x0000027a003bb700 JavaThread "JdkHttpClient-1-2"          daemon [_thread_blocked, id=9968, stack(0x000000f9ee800000,0x000000f9ee900000) (1024K)]
Total: 25

Other Threads:
  0x0000027a3adb9d30 VMThread "VM Thread"                           [id=30168, stack(0x000000f9ec800000,0x000000f9ec900000) (1024K)]
  0x0000027a3ada85e0 WatcherThread "VM Periodic Task Thread"        [id=34888, stack(0x000000f9ec700000,0x000000f9ec800000) (1024K)]
  0x0000027a22fba2d0 WorkerThread "GC Thread#0"                     [id=40916, stack(0x000000f9ec200000,0x000000f9ec300000) (1024K)]
  0x0000027a009e37b0 WorkerThread "GC Thread#1"                     [id=8472, stack(0x000000f9ed400000,0x000000f9ed500000) (1024K)]
  0x0000027a009e7d90 WorkerThread "GC Thread#2"                     [id=26828, stack(0x000000f9ed500000,0x000000f9ed600000) (1024K)]
  0x0000027a00a8aba0 WorkerThread "GC Thread#3"                     [id=11268, stack(0x000000f9ed600000,0x000000f9ed700000) (1024K)]
  0x0000027a00a8af40 WorkerThread "GC Thread#4"                     [id=17912, stack(0x000000f9ed700000,0x000000f9ed800000) (1024K)]
  0x0000027a00a8b2e0 WorkerThread "GC Thread#5"                     [id=26368, stack(0x000000f9ed800000,0x000000f9ed900000) (1024K)]
  0x0000027a00a8b680 WorkerThread "GC Thread#6"                     [id=27080, stack(0x000000f9ed900000,0x000000f9eda00000) (1024K)]
  0x0000027a00a8be20 WorkerThread "GC Thread#7"                     [id=25532, stack(0x000000f9eda00000,0x000000f9edb00000) (1024K)]
  0x0000027a23009010 ConcurrentGCThread "G1 Main Marker"            [id=16200, stack(0x000000f9ec300000,0x000000f9ec400000) (1024K)]
  0x0000027a23009b10 WorkerThread "G1 Conc#0"                       [id=37684, stack(0x000000f9ec400000,0x000000f9ec500000) (1024K)]
  0x0000027a3ac7a6c0 ConcurrentGCThread "G1 Refine#0"               [id=1056, stack(0x000000f9ec500000,0x000000f9ec600000) (1024K)]
  0x0000027a3ac7b230 ConcurrentGCThread "G1 Service"                [id=38920, stack(0x000000f9ec600000,0x000000f9ec700000) (1024K)]
Total: 14

Threads with active compile tasks:
C2 CompilerThread0  7588 1758       4       java.lang.invoke.MethodType::makeImpl (109 bytes)
Total: 1

VM state: not at safepoint (normal execution)

VM Mutex/Monitor currently owned by a thread: None

Heap address: 0x0000000082800000, size: 2008 MB, Compressed Oops mode: 32-bit

CDS archive(s) mapped at: [0x0000027a3b000000-0x0000027a3bc80000-0x0000027a3bc80000), size 13107200, SharedBaseAddress: 0x0000027a3b000000, ArchiveRelocationMode: 1.
Compressed class space mapped at: 0x0000027a3c000000-0x0000027a7c000000, reserved size: 1073741824
Narrow klass base: 0x0000027a3b000000, Narrow klass shift: 0, Narrow klass range: 0x100000000

GC Precious Log:
 CardTable entry size: 512
 Card Set container configuration: InlinePtr #cards 5 size 8 Array Of Cards #cards 12 size 40 Howl #buckets 4 coarsen threshold 1843 Howl Bitmap #cards 512 size 80 coarsen threshold 460 Card regions per heap region 1 cards per card region 2048
 CPUs: 8 total, 8 available
 Memory: 8025M
 Large Page Support: Disabled
 NUMA Support: Disabled
 Compressed Oops: Enabled (32-bit)
 Heap Region Size: 1M
 Heap Min Capacity: 8M
 Heap Initial Capacity: 126M
 Heap Max Capacity: 2008M
 Pre-touch: Disabled
 Parallel Workers: 8
 Concurrent Workers: 2
 Concurrent Refinement Workers: 8
 Periodic GC: Disabled

Heap:
 garbage-first heap   total 129024K, used 18047K [0x0000000082800000, 0x0000000100000000)
  region size 1024K, 17 young (17408K), 3 survivors (3072K)
 Metaspace       used 12144K, committed 12416K, reserved 1114112K
  class space    used 1435K, committed 1536K, reserved 1048576K

Heap Regions: E=young(eden), S=young(survivor), O=old, HS=humongous(starts), HC=humongous(continues), CS=collection set, F=free, TAMS=top-at-mark-start, PB=parsable bottom
|   0|0x0000000082800000, 0x0000000082900000, 0x0000000082900000|100%| O|  |TAMS 0x0000000082800000| PB 0x0000000082800000| Untracked 
|   1|0x0000000082900000, 0x0000000082a00000, 0x0000000082a00000|100%| O|  |TAMS 0x0000000082900000| PB 0x0000000082900000| Untracked 
|   2|0x0000000082a00000, 0x0000000082a9ff60, 0x0000000082b00000| 62%| O|  |TAMS 0x0000000082a00000| PB 0x0000000082a00000| Untracked 
|   3|0x0000000082b00000, 0x0000000082b00000, 0x0000000082c00000|  0%| F|  |TAMS 0x0000000082b00000| PB 0x0000000082b00000| Untracked 
|   4|0x0000000082c00000, 0x0000000082c00000, 0x0000000082d00000|  0%| F|  |TAMS 0x0000000082c00000| PB 0x0000000082c00000| Untracked 
|   5|0x0000000082d00000, 0x0000000082d00000, 0x0000000082e00000|  0%| F|  |TAMS 0x0000000082d00000| PB 0x0000000082d00000| Untracked 
|   6|0x0000000082e00000, 0x0000000082e00000, 0x0000000082f00000|  0%| F|  |TAMS 0x0000000082e00000| PB 0x0000000082e00000| Untracked 
|   7|0x0000000082f00000, 0x0000000082f00000, 0x0000000083000000|  0%| F|  |TAMS 0x0000000082f00000| PB 0x0000000082f00000| Untracked 
|   8|0x0000000083000000, 0x0000000083000000, 0x0000000083100000|  0%| F|  |TAMS 0x0000000083000000| PB 0x0000000083000000| Untracked 
|   9|0x0000000083100000, 0x0000000083100000, 0x0000000083200000|  0%| F|  |TAMS 0x0000000083100000| PB 0x0000000083100000| Untracked 
|  10|0x0000000083200000, 0x0000000083200000, 0x0000000083300000|  0%| F|  |TAMS 0x0000000083200000| PB 0x0000000083200000| Untracked 
|  11|0x0000000083300000, 0x0000000083300000, 0x0000000083400000|  0%| F|  |TAMS 0x0000000083300000| PB 0x0000000083300000| Untracked 
|  12|0x0000000083400000, 0x0000000083400000, 0x0000000083500000|  0%| F|  |TAMS 0x0000000083400000| PB 0x0000000083400000| Untracked 
|  13|0x0000000083500000, 0x0000000083500000, 0x0000000083600000|  0%| F|  |TAMS 0x0000000083500000| PB 0x0000000083500000| Untracked 
|  14|0x0000000083600000, 0x0000000083600000, 0x0000000083700000|  0%| F|  |TAMS 0x0000000083600000| PB 0x0000000083600000| Untracked 
|  15|0x0000000083700000, 0x0000000083700000, 0x0000000083800000|  0%| F|  |TAMS 0x0000000083700000| PB 0x0000000083700000| Untracked 
|  16|0x0000000083800000, 0x0000000083800000, 0x0000000083900000|  0%| F|  |TAMS 0x0000000083800000| PB 0x0000000083800000| Untracked 
|  17|0x0000000083900000, 0x0000000083900000, 0x0000000083a00000|  0%| F|  |TAMS 0x0000000083900000| PB 0x0000000083900000| Untracked 
|  18|0x0000000083a00000, 0x0000000083a00000, 0x0000000083b00000|  0%| F|  |TAMS 0x0000000083a00000| PB 0x0000000083a00000| Untracked 
|  19|0x0000000083b00000, 0x0000000083b00000, 0x0000000083c00000|  0%| F|  |TAMS 0x0000000083b00000| PB 0x0000000083b00000| Untracked 
|  20|0x0000000083c00000, 0x0000000083c00000, 0x0000000083d00000|  0%| F|  |TAMS 0x0000000083c00000| PB 0x0000000083c00000| Untracked 
|  21|0x0000000083d00000, 0x0000000083d00000, 0x0000000083e00000|  0%| F|  |TAMS 0x0000000083d00000| PB 0x0000000083d00000| Untracked 
|  22|0x0000000083e00000, 0x0000000083e00000, 0x0000000083f00000|  0%| F|  |TAMS 0x0000000083e00000| PB 0x0000000083e00000| Untracked 
|  23|0x0000000083f00000, 0x0000000083f00000, 0x0000000084000000|  0%| F|  |TAMS 0x0000000083f00000| PB 0x0000000083f00000| Untracked 
|  24|0x0000000084000000, 0x0000000084000000, 0x0000000084100000|  0%| F|  |TAMS 0x0000000084000000| PB 0x0000000084000000| Untracked 
|  25|0x0000000084100000, 0x0000000084100000, 0x0000000084200000|  0%| F|  |TAMS 0x0000000084100000| PB 0x0000000084100000| Untracked 
|  26|0x0000000084200000, 0x0000000084200000, 0x0000000084300000|  0%| F|  |TAMS 0x0000000084200000| PB 0x0000000084200000| Untracked 
|  27|0x0000000084300000, 0x0000000084300000, 0x0000000084400000|  0%| F|  |TAMS 0x0000000084300000| PB 0x0000000084300000| Untracked 
|  28|0x0000000084400000, 0x0000000084400000, 0x0000000084500000|  0%| F|  |TAMS 0x0000000084400000| PB 0x0000000084400000| Untracked 
|  29|0x0000000084500000, 0x0000000084500000, 0x0000000084600000|  0%| F|  |TAMS 0x0000000084500000| PB 0x0000000084500000| Untracked 
|  30|0x0000000084600000, 0x0000000084600000, 0x0000000084700000|  0%| F|  |TAMS 0x0000000084600000| PB 0x0000000084600000| Untracked 
|  31|0x0000000084700000, 0x0000000084700000, 0x0000000084800000|  0%| F|  |TAMS 0x0000000084700000| PB 0x0000000084700000| Untracked 
|  32|0x0000000084800000, 0x0000000084800000, 0x0000000084900000|  0%| F|  |TAMS 0x0000000084800000| PB 0x0000000084800000| Untracked 
|  33|0x0000000084900000, 0x0000000084900000, 0x0000000084a00000|  0%| F|  |TAMS 0x0000000084900000| PB 0x0000000084900000| Untracked 
|  34|0x0000000084a00000, 0x0000000084a00000, 0x0000000084b00000|  0%| F|  |TAMS 0x0000000084a00000| PB 0x0000000084a00000| Untracked 
|  35|0x0000000084b00000, 0x0000000084b00000, 0x0000000084c00000|  0%| F|  |TAMS 0x0000000084b00000| PB 0x0000000084b00000| Untracked 
|  36|0x0000000084c00000, 0x0000000084c00000, 0x0000000084d00000|  0%| F|  |TAMS 0x0000000084c00000| PB 0x0000000084c00000| Untracked 
|  37|0x0000000084d00000, 0x0000000084d00000, 0x0000000084e00000|  0%| F|  |TAMS 0x0000000084d00000| PB 0x0000000084d00000| Untracked 
|  38|0x0000000084e00000, 0x0000000084e00000, 0x0000000084f00000|  0%| F|  |TAMS 0x0000000084e00000| PB 0x0000000084e00000| Untracked 
|  39|0x0000000084f00000, 0x0000000084f00000, 0x0000000085000000|  0%| F|  |TAMS 0x0000000084f00000| PB 0x0000000084f00000| Untracked 
|  40|0x0000000085000000, 0x0000000085000000, 0x0000000085100000|  0%| F|  |TAMS 0x0000000085000000| PB 0x0000000085000000| Untracked 
|  41|0x0000000085100000, 0x0000000085100000, 0x0000000085200000|  0%| F|  |TAMS 0x0000000085100000| PB 0x0000000085100000| Untracked 
|  42|0x0000000085200000, 0x0000000085200000, 0x0000000085300000|  0%| F|  |TAMS 0x0000000085200000| PB 0x0000000085200000| Untracked 
|  43|0x0000000085300000, 0x0000000085300000, 0x0000000085400000|  0%| F|  |TAMS 0x0000000085300000| PB 0x0000000085300000| Untracked 
|  44|0x0000000085400000, 0x0000000085400000, 0x0000000085500000|  0%| F|  |TAMS 0x0000000085400000| PB 0x0000000085400000| Untracked 
|  45|0x0000000085500000, 0x0000000085500000, 0x0000000085600000|  0%| F|  |TAMS 0x0000000085500000| PB 0x0000000085500000| Untracked 
|  46|0x0000000085600000, 0x0000000085600000, 0x0000000085700000|  0%| F|  |TAMS 0x0000000085600000| PB 0x0000000085600000| Untracked 
|  47|0x0000000085700000, 0x0000000085700000, 0x0000000085800000|  0%| F|  |TAMS 0x0000000085700000| PB 0x0000000085700000| Untracked 
|  48|0x0000000085800000, 0x0000000085800000, 0x0000000085900000|  0%| F|  |TAMS 0x0000000085800000| PB 0x0000000085800000| Untracked 
|  49|0x0000000085900000, 0x0000000085900000, 0x0000000085a00000|  0%| F|  |TAMS 0x0000000085900000| PB 0x0000000085900000| Untracked 
|  50|0x0000000085a00000, 0x0000000085a00000, 0x0000000085b00000|  0%| F|  |TAMS 0x0000000085a00000| PB 0x0000000085a00000| Untracked 
|  51|0x0000000085b00000, 0x0000000085b00000, 0x0000000085c00000|  0%| F|  |TAMS 0x0000000085b00000| PB 0x0000000085b00000| Untracked 
|  52|0x0000000085c00000, 0x0000000085c00000, 0x0000000085d00000|  0%| F|  |TAMS 0x0000000085c00000| PB 0x0000000085c00000| Untracked 
|  53|0x0000000085d00000, 0x0000000085d00000, 0x0000000085e00000|  0%| F|  |TAMS 0x0000000085d00000| PB 0x0000000085d00000| Untracked 
|  54|0x0000000085e00000, 0x0000000085e00000, 0x0000000085f00000|  0%| F|  |TAMS 0x0000000085e00000| PB 0x0000000085e00000| Untracked 
|  55|0x0000000085f00000, 0x0000000085f00000, 0x0000000086000000|  0%| F|  |TAMS 0x0000000085f00000| PB 0x0000000085f00000| Untracked 
|  56|0x0000000086000000, 0x0000000086000000, 0x0000000086100000|  0%| F|  |TAMS 0x0000000086000000| PB 0x0000000086000000| Untracked 
|  57|0x0000000086100000, 0x0000000086100000, 0x0000000086200000|  0%| F|  |TAMS 0x0000000086100000| PB 0x0000000086100000| Untracked 
|  58|0x0000000086200000, 0x0000000086200000, 0x0000000086300000|  0%| F|  |TAMS 0x0000000086200000| PB 0x0000000086200000| Untracked 
|  59|0x0000000086300000, 0x0000000086300000, 0x0000000086400000|  0%| F|  |TAMS 0x0000000086300000| PB 0x0000000086300000| Untracked 
|  60|0x0000000086400000, 0x0000000086400000, 0x0000000086500000|  0%| F|  |TAMS 0x0000000086400000| PB 0x0000000086400000| Untracked 
|  61|0x0000000086500000, 0x0000000086500000, 0x0000000086600000|  0%| F|  |TAMS 0x0000000086500000| PB 0x0000000086500000| Untracked 
|  62|0x0000000086600000, 0x0000000086600000, 0x0000000086700000|  0%| F|  |TAMS 0x0000000086600000| PB 0x0000000086600000| Untracked 
|  63|0x0000000086700000, 0x0000000086700000, 0x0000000086800000|  0%| F|  |TAMS 0x0000000086700000| PB 0x0000000086700000| Untracked 
|  64|0x0000000086800000, 0x0000000086800000, 0x0000000086900000|  0%| F|  |TAMS 0x0000000086800000| PB 0x0000000086800000| Untracked 
|  65|0x0000000086900000, 0x0000000086900000, 0x0000000086a00000|  0%| F|  |TAMS 0x0000000086900000| PB 0x0000000086900000| Untracked 
|  66|0x0000000086a00000, 0x0000000086a00000, 0x0000000086b00000|  0%| F|  |TAMS 0x0000000086a00000| PB 0x0000000086a00000| Untracked 
|  67|0x0000000086b00000, 0x0000000086b00000, 0x0000000086c00000|  0%| F|  |TAMS 0x0000000086b00000| PB 0x0000000086b00000| Untracked 
|  68|0x0000000086c00000, 0x0000000086c00000, 0x0000000086d00000|  0%| F|  |TAMS 0x0000000086c00000| PB 0x0000000086c00000| Untracked 
|  69|0x0000000086d00000, 0x0000000086d00000, 0x0000000086e00000|  0%| F|  |TAMS 0x0000000086d00000| PB 0x0000000086d00000| Untracked 
|  70|0x0000000086e00000, 0x0000000086e00000, 0x0000000086f00000|  0%| F|  |TAMS 0x0000000086e00000| PB 0x0000000086e00000| Untracked 
|  71|0x0000000086f00000, 0x0000000086f00000, 0x0000000087000000|  0%| F|  |TAMS 0x0000000086f00000| PB 0x0000000086f00000| Untracked 
|  72|0x0000000087000000, 0x0000000087000000, 0x0000000087100000|  0%| F|  |TAMS 0x0000000087000000| PB 0x0000000087000000| Untracked 
|  73|0x0000000087100000, 0x0000000087100000, 0x0000000087200000|  0%| F|  |TAMS 0x0000000087100000| PB 0x0000000087100000| Untracked 
|  74|0x0000000087200000, 0x0000000087200000, 0x0000000087300000|  0%| F|  |TAMS 0x0000000087200000| PB 0x0000000087200000| Untracked 
|  75|0x0000000087300000, 0x0000000087300000, 0x0000000087400000|  0%| F|  |TAMS 0x0000000087300000| PB 0x0000000087300000| Untracked 
|  76|0x0000000087400000, 0x0000000087400000, 0x0000000087500000|  0%| F|  |TAMS 0x0000000087400000| PB 0x0000000087400000| Untracked 
|  77|0x0000000087500000, 0x0000000087500000, 0x0000000087600000|  0%| F|  |TAMS 0x0000000087500000| PB 0x0000000087500000| Untracked 
|  78|0x0000000087600000, 0x0000000087600000, 0x0000000087700000|  0%| F|  |TAMS 0x0000000087600000| PB 0x0000000087600000| Untracked 
|  79|0x0000000087700000, 0x0000000087700000, 0x0000000087800000|  0%| F|  |TAMS 0x0000000087700000| PB 0x0000000087700000| Untracked 
|  80|0x0000000087800000, 0x0000000087800000, 0x0000000087900000|  0%| F|  |TAMS 0x0000000087800000| PB 0x0000000087800000| Untracked 
|  81|0x0000000087900000, 0x0000000087900000, 0x0000000087a00000|  0%| F|  |TAMS 0x0000000087900000| PB 0x0000000087900000| Untracked 
|  82|0x0000000087a00000, 0x0000000087a00000, 0x0000000087b00000|  0%| F|  |TAMS 0x0000000087a00000| PB 0x0000000087a00000| Untracked 
|  83|0x0000000087b00000, 0x0000000087b00000, 0x0000000087c00000|  0%| F|  |TAMS 0x0000000087b00000| PB 0x0000000087b00000| Untracked 
|  84|0x0000000087c00000, 0x0000000087c00000, 0x0000000087d00000|  0%| F|  |TAMS 0x0000000087c00000| PB 0x0000000087c00000| Untracked 
|  85|0x0000000087d00000, 0x0000000087d00000, 0x0000000087e00000|  0%| F|  |TAMS 0x0000000087d00000| PB 0x0000000087d00000| Untracked 
|  86|0x0000000087e00000, 0x0000000087e00000, 0x0000000087f00000|  0%| F|  |TAMS 0x0000000087e00000| PB 0x0000000087e00000| Untracked 
|  87|0x0000000087f00000, 0x0000000087f00000, 0x0000000088000000|  0%| F|  |TAMS 0x0000000087f00000| PB 0x0000000087f00000| Untracked 
|  88|0x0000000088000000, 0x0000000088000000, 0x0000000088100000|  0%| F|  |TAMS 0x0000000088000000| PB 0x0000000088000000| Untracked 
|  89|0x0000000088100000, 0x0000000088100000, 0x0000000088200000|  0%| F|  |TAMS 0x0000000088100000| PB 0x0000000088100000| Untracked 
|  90|0x0000000088200000, 0x0000000088200000, 0x0000000088300000|  0%| F|  |TAMS 0x0000000088200000| PB 0x0000000088200000| Untracked 
|  91|0x0000000088300000, 0x0000000088300000, 0x0000000088400000|  0%| F|  |TAMS 0x0000000088300000| PB 0x0000000088300000| Untracked 
|  92|0x0000000088400000, 0x0000000088400000, 0x0000000088500000|  0%| F|  |TAMS 0x0000000088400000| PB 0x0000000088400000| Untracked 
|  93|0x0000000088500000, 0x0000000088500000, 0x0000000088600000|  0%| F|  |TAMS 0x0000000088500000| PB 0x0000000088500000| Untracked 
|  94|0x0000000088600000, 0x0000000088600000, 0x0000000088700000|  0%| F|  |TAMS 0x0000000088600000| PB 0x0000000088600000| Untracked 
|  95|0x0000000088700000, 0x0000000088700000, 0x0000000088800000|  0%| F|  |TAMS 0x0000000088700000| PB 0x0000000088700000| Untracked 
|  96|0x0000000088800000, 0x0000000088800000, 0x0000000088900000|  0%| F|  |TAMS 0x0000000088800000| PB 0x0000000088800000| Untracked 
|  97|0x0000000088900000, 0x0000000088900000, 0x0000000088a00000|  0%| F|  |TAMS 0x0000000088900000| PB 0x0000000088900000| Untracked 
|  98|0x0000000088a00000, 0x0000000088a00000, 0x0000000088b00000|  0%| F|  |TAMS 0x0000000088a00000| PB 0x0000000088a00000| Untracked 
|  99|0x0000000088b00000, 0x0000000088b00000, 0x0000000088c00000|  0%| F|  |TAMS 0x0000000088b00000| PB 0x0000000088b00000| Untracked 
| 100|0x0000000088c00000, 0x0000000088d00000, 0x0000000088d00000|100%| S|CS|TAMS 0x0000000088c00000| PB 0x0000000088c00000| Complete 
| 101|0x0000000088d00000, 0x0000000088e00000, 0x0000000088e00000|100%| S|CS|TAMS 0x0000000088d00000| PB 0x0000000088d00000| Complete 
| 102|0x0000000088e00000, 0x0000000088f00000, 0x0000000088f00000|100%| S|CS|TAMS 0x0000000088e00000| PB 0x0000000088e00000| Complete 
| 103|0x0000000088f00000, 0x0000000088f00000, 0x0000000089000000|  0%| F|  |TAMS 0x0000000088f00000| PB 0x0000000088f00000| Untracked 
| 104|0x0000000089000000, 0x0000000089000000, 0x0000000089100000|  0%| F|  |TAMS 0x0000000089000000| PB 0x0000000089000000| Untracked 
| 105|0x0000000089100000, 0x0000000089100000, 0x0000000089200000|  0%| F|  |TAMS 0x0000000089100000| PB 0x0000000089100000| Untracked 
| 106|0x0000000089200000, 0x0000000089200000, 0x0000000089300000|  0%| F|  |TAMS 0x0000000089200000| PB 0x0000000089200000| Untracked 
| 107|0x0000000089300000, 0x0000000089300000, 0x0000000089400000|  0%| F|  |TAMS 0x0000000089300000| PB 0x0000000089300000| Untracked 
| 108|0x0000000089400000, 0x0000000089400000, 0x0000000089500000|  0%| F|  |TAMS 0x0000000089400000| PB 0x0000000089400000| Untracked 
| 109|0x0000000089500000, 0x0000000089500000, 0x0000000089600000|  0%| F|  |TAMS 0x0000000089500000| PB 0x0000000089500000| Untracked 
| 110|0x0000000089600000, 0x0000000089600000, 0x0000000089700000|  0%| F|  |TAMS 0x0000000089600000| PB 0x0000000089600000| Untracked 
| 111|0x0000000089700000, 0x0000000089700000, 0x0000000089800000|  0%| F|  |TAMS 0x0000000089700000| PB 0x0000000089700000| Untracked 
| 112|0x0000000089800000, 0x0000000089900000, 0x0000000089900000|100%| E|  |TAMS 0x0000000089800000| PB 0x0000000089800000| Complete 
| 113|0x0000000089900000, 0x0000000089a00000, 0x0000000089a00000|100%| E|  |TAMS 0x0000000089900000| PB 0x0000000089900000| Complete 
| 114|0x0000000089a00000, 0x0000000089b00000, 0x0000000089b00000|100%| E|CS|TAMS 0x0000000089a00000| PB 0x0000000089a00000| Complete 
| 115|0x0000000089b00000, 0x0000000089c00000, 0x0000000089c00000|100%| E|CS|TAMS 0x0000000089b00000| PB 0x0000000089b00000| Complete 
| 116|0x0000000089c00000, 0x0000000089d00000, 0x0000000089d00000|100%| E|CS|TAMS 0x0000000089c00000| PB 0x0000000089c00000| Complete 
| 117|0x0000000089d00000, 0x0000000089e00000, 0x0000000089e00000|100%| E|CS|TAMS 0x0000000089d00000| PB 0x0000000089d00000| Complete 
| 118|0x0000000089e00000, 0x0000000089f00000, 0x0000000089f00000|100%| E|CS|TAMS 0x0000000089e00000| PB 0x0000000089e00000| Complete 
| 119|0x0000000089f00000, 0x000000008a000000, 0x000000008a000000|100%| E|CS|TAMS 0x0000000089f00000| PB 0x0000000089f00000| Complete 
| 120|0x000000008a000000, 0x000000008a100000, 0x000000008a100000|100%| E|CS|TAMS 0x000000008a000000| PB 0x000000008a000000| Complete 
| 121|0x000000008a100000, 0x000000008a200000, 0x000000008a200000|100%| E|CS|TAMS 0x000000008a100000| PB 0x000000008a100000| Complete 
| 122|0x000000008a200000, 0x000000008a300000, 0x000000008a300000|100%| E|CS|TAMS 0x000000008a200000| PB 0x000000008a200000| Complete 
| 123|0x000000008a300000, 0x000000008a400000, 0x000000008a400000|100%| E|CS|TAMS 0x000000008a300000| PB 0x000000008a300000| Complete 
| 124|0x000000008a400000, 0x000000008a500000, 0x000000008a500000|100%| E|CS|TAMS 0x000000008a400000| PB 0x000000008a400000| Complete 
| 125|0x000000008a500000, 0x000000008a600000, 0x000000008a600000|100%| E|CS|TAMS 0x000000008a500000| PB 0x000000008a500000| Complete 

Card table byte_map: [0x0000027a36020000,0x0000027a36410000] _byte_map_base: 0x0000027a35c0c000

Marking Bits: (CMBitMap*) 0x0000027a22fba9d0
 Bits: [0x0000027a36410000, 0x0000027a38370000)

Polling page: 0x0000027a20e40000

Metaspace:

Usage:
  Non-class:     10.46 MB used.
      Class:      1.40 MB used.
       Both:     11.86 MB used.

Virtual space:
  Non-class space:       64.00 MB reserved,      10.62 MB ( 17%) committed,  1 nodes.
      Class space:        1.00 GB reserved,       1.50 MB ( <1%) committed,  1 nodes.
             Both:        1.06 GB reserved,      12.12 MB (  1%) committed. 

Chunk freelists:
   Non-Class:  5.31 MB
       Class:  14.38 MB
        Both:  19.69 MB

MaxMetaspaceSize: unlimited
CompressedClassSpaceSize: 1.00 GB
Initial GC threshold: 21.00 MB
Current GC threshold: 21.00 MB
CDS: on
 - commit_granule_bytes: 65536.
 - commit_granule_words: 8192.
 - virtual_space_node_default_size: 8388608.
 - enlarge_chunks_in_place: 1.
 - use_allocation_guard: 0.


Internal statistics:

num_allocs_failed_limit: 0.
num_arena_births: 338.
num_arena_deaths: 0.
num_vsnodes_births: 2.
num_vsnodes_deaths: 0.
num_space_committed: 194.
num_space_uncommitted: 0.
num_chunks_returned_to_freelist: 0.
num_chunks_taken_from_freelist: 621.
num_chunk_merges: 0.
num_chunk_splits: 368.
num_chunks_enlarged: 205.
num_inconsistent_stats: 0.

CodeHeap 'non-profiled nmethods': size=120000Kb used=573Kb max_used=573Kb free=119426Kb
 bounds [0x0000027a2e3d0000, 0x0000027a2e640000, 0x0000027a35900000]
CodeHeap 'profiled nmethods': size=120000Kb used=3393Kb max_used=3393Kb free=116606Kb
 bounds [0x0000027a26900000, 0x0000027a26c60000, 0x0000027a2de30000]
CodeHeap 'non-nmethods': size=5760Kb used=1455Kb max_used=1467Kb free=4305Kb
 bounds [0x0000027a2de30000, 0x0000027a2e0a0000, 0x0000027a2e3d0000]
 total_blobs=2397 nmethods=1857 adapters=444
 compilation: enabled
              stopped_count=0, restarted_count=0
 full_count=0

Compilation events (20 events):
Event: 7.372 Thread 0x0000027a3adee6b0 1852       3       java.util.regex.Matcher::getTextLength (10 bytes)
Event: 7.372 Thread 0x0000027a3adee6b0 nmethod 1852 0x0000027a26c4b010 code [0x0000027a26c4b1c0, 0x0000027a26c4b398]
Event: 7.373 Thread 0x0000027a3adee6b0 1853       2       java.lang.String::<init> (99 bytes)
Event: 7.374 Thread 0x0000027a3adee6b0 nmethod 1853 0x0000027a26c4b490 code [0x0000027a26c4b780, 0x0000027a26c4c368]
Event: 7.376 Thread 0x0000027a3adee6b0 1854       3       java.util.Collections$UnmodifiableMap::get (11 bytes)
Event: 7.377 Thread 0x0000027a3adee6b0 nmethod 1854 0x0000027a26c4c910 code [0x0000027a26c4cac0, 0x0000027a26c4cc98]
Event: 7.377 Thread 0x0000027a3adee6b0 1855       3       java.lang.invoke.MemberName::equals (69 bytes)
Event: 7.378 Thread 0x0000027a3adee6b0 nmethod 1855 0x0000027a26c4cd90 code [0x0000027a26c4d020, 0x0000027a26c4db28]
Event: 7.378 Thread 0x0000027a3adee6b0 1856       3       java.lang.invoke.DelegatingMethodHandle::<init> (10 bytes)
Event: 7.378 Thread 0x0000027a3adee6b0 nmethod 1856 0x0000027a26c4de10 code [0x0000027a26c4dfe0, 0x0000027a26c4e3a0]
Event: 7.378 Thread 0x0000027a3adee6b0 1857       3       java.lang.invoke.DelegatingMethodHandle::chooseDelegatingForm (24 bytes)
Event: 7.379 Thread 0x0000027a3adee6b0 nmethod 1857 0x0000027a26c4e510 code [0x0000027a26c4e6e0, 0x0000027a26c4ea00]
Event: 7.379 Thread 0x0000027a3adee6b0 1858       3       org.openqa.selenium.SharedCapabilitiesMethods$$Lambda/0x0000027a3c19ca50::compare (12 bytes)
Event: 7.379 Thread 0x0000027a3adee6b0 nmethod 1858 0x0000027a26c4eb10 code [0x0000027a26c4ece0, 0x0000027a26c4f010]
Event: 7.379 Thread 0x0000027a3adee6b0 1859       3       java.util.TreeMap::successor (66 bytes)
Event: 7.379 Thread 0x0000027a3adee6b0 nmethod 1859 0x0000027a26c4f110 code [0x0000027a26c4f2e0, 0x0000027a26c4f610]
Event: 7.380 Thread 0x0000027a3adee6b0 1860  s    3       java.util.jar.JarFile::getInputStream (88 bytes)
Event: 7.381 Thread 0x0000027a3adee6b0 nmethod 1860 0x0000027a26c4f790 code [0x0000027a26c4fa00, 0x0000027a26c501d8]
Event: 7.384 Thread 0x0000027a3adee6b0 1862       3       java.util.concurrent.atomic.AtomicLong::incrementAndGet (14 bytes)
Event: 7.384 Thread 0x0000027a3adee6b0 nmethod 1862 0x0000027a26c50410 code [0x0000027a26c505a0, 0x0000027a26c506c8]

GC Heap History (2 events):
Event: 3.412 GC heap before
{Heap before GC invocations=0 (full 0):
 garbage-first heap   total 129024K, used 22528K [0x0000000082800000, 0x0000000100000000)
  region size 1024K, 23 young (23552K), 0 survivors (0K)
 Metaspace       used 7935K, committed 8192K, reserved 1114112K
  class space    used 883K, committed 1024K, reserved 1048576K
}
Event: 3.419 GC heap after
{Heap after GC invocations=1 (full 0):
 garbage-first heap   total 129024K, used 5759K [0x0000000082800000, 0x0000000100000000)
  region size 1024K, 3 young (3072K), 3 survivors (3072K)
 Metaspace       used 7935K, committed 8192K, reserved 1114112K
  class space    used 883K, committed 1024K, reserved 1048576K
}

Dll operation events (8 events):
Event: 0.017 Loaded shared library C:\Users\HOME\.p2\pool\plugins\org.eclipse.justj.openjdk.hotspot.jre.full.win32.x86_64_21.0.6.v20250130-0529\jre\bin\java.dll
Event: 0.060 Loaded shared library C:\Users\HOME\.p2\pool\plugins\org.eclipse.justj.openjdk.hotspot.jre.full.win32.x86_64_21.0.6.v20250130-0529\jre\bin\zip.dll
Event: 0.441 Loaded shared library C:\Users\HOME\.p2\pool\plugins\org.eclipse.justj.openjdk.hotspot.jre.full.win32.x86_64_21.0.6.v20250130-0529\jre\bin\net.dll
Event: 0.445 Loaded shared library C:\Users\HOME\.p2\pool\plugins\org.eclipse.justj.openjdk.hotspot.jre.full.win32.x86_64_21.0.6.v20250130-0529\jre\bin\nio.dll
Event: 0.452 Loaded shared library C:\Users\HOME\.p2\pool\plugins\org.eclipse.justj.openjdk.hotspot.jre.full.win32.x86_64_21.0.6.v20250130-0529\jre\bin\zip.dll
Event: 0.577 Loaded shared library C:\Users\HOME\.p2\pool\plugins\org.eclipse.justj.openjdk.hotspot.jre.full.win32.x86_64_21.0.6.v20250130-0529\jre\bin\jimage.dll
Event: 0.941 Loaded shared library C:\Users\HOME\.p2\pool\plugins\org.eclipse.justj.openjdk.hotspot.jre.full.win32.x86_64_21.0.6.v20250130-0529\jre\bin\extnet.dll
Event: 3.018 Loaded shared library C:\Users\HOME\.p2\pool\plugins\org.eclipse.justj.openjdk.hotspot.jre.full.win32.x86_64_21.0.6.v20250130-0529\jre\bin\sunmscapi.dll

Deoptimization events (20 events):
Event: 3.480 Thread 0x0000027a20ca3c50 Uncommon trap: trap_request=0xffffffde fr.pc=0x0000027a2e3f769c relative=0x000000000000033c
Event: 3.480 Thread 0x0000027a20ca3c50 Uncommon trap: reason=class_check action=maybe_recompile pc=0x0000027a2e3f769c method=java.util.regex.Pattern$BmpCharPropertyGreedy.match(Ljava/util/regex/Matcher;ILjava/lang/CharSequence;)Z @ 26 c2
Event: 3.480 Thread 0x0000027a20ca3c50 DEOPT PACKING pc=0x0000027a2e3f769c sp=0x000000f9ec1fdb90
Event: 3.480 Thread 0x0000027a20ca3c50 DEOPT UNPACKING pc=0x0000027a2de846a2 sp=0x000000f9ec1fdb48 mode 2
Event: 3.480 Thread 0x0000027a20ca3c50 Uncommon trap: trap_request=0xffffffde fr.pc=0x0000027a2e3f769c relative=0x000000000000033c
Event: 3.480 Thread 0x0000027a20ca3c50 Uncommon trap: reason=class_check action=maybe_recompile pc=0x0000027a2e3f769c method=java.util.regex.Pattern$BmpCharPropertyGreedy.match(Ljava/util/regex/Matcher;ILjava/lang/CharSequence;)Z @ 26 c2
Event: 3.480 Thread 0x0000027a20ca3c50 DEOPT PACKING pc=0x0000027a2e3f769c sp=0x000000f9ec1fdb90
Event: 3.480 Thread 0x0000027a20ca3c50 DEOPT UNPACKING pc=0x0000027a2de846a2 sp=0x000000f9ec1fdb48 mode 2
Event: 3.503 Thread 0x0000027a00ac7790 Uncommon trap: trap_request=0xffffffde fr.pc=0x0000027a2e3f769c relative=0x000000000000033c
Event: 3.503 Thread 0x0000027a00ac7790 Uncommon trap: reason=class_check action=maybe_recompile pc=0x0000027a2e3f769c method=java.util.regex.Pattern$BmpCharPropertyGreedy.match(Ljava/util/regex/Matcher;ILjava/lang/CharSequence;)Z @ 26 c2
Event: 3.503 Thread 0x0000027a00ac7790 DEOPT PACKING pc=0x0000027a2e3f769c sp=0x000000f9edffe100
Event: 3.503 Thread 0x0000027a00ac7790 DEOPT UNPACKING pc=0x0000027a2de846a2 sp=0x000000f9edffe098 mode 2
Event: 3.511 Thread 0x0000027a00ac7790 Uncommon trap: trap_request=0xffffff45 fr.pc=0x0000027a2e43db88 relative=0x00000000000001a8
Event: 3.511 Thread 0x0000027a00ac7790 Uncommon trap: reason=unstable_if action=reinterpret pc=0x0000027a2e43db88 method=java.lang.invoke.VarHandle.checkAccessModeThenIsDirect(Ljava/lang/invoke/VarHandle$AccessDescriptor;)Z @ 4 c2
Event: 3.511 Thread 0x0000027a00ac7790 DEOPT PACKING pc=0x0000027a2e43db88 sp=0x000000f9edffe690
Event: 3.511 Thread 0x0000027a00ac7790 DEOPT UNPACKING pc=0x0000027a2de846a2 sp=0x000000f9edffe5c8 mode 2
Event: 7.362 Thread 0x0000027a20ca3c50 Uncommon trap: trap_request=0xffffff45 fr.pc=0x0000027a2e4216f4 relative=0x0000000000000054
Event: 7.362 Thread 0x0000027a20ca3c50 Uncommon trap: reason=unstable_if action=reinterpret pc=0x0000027a2e4216f4 method=java.lang.CharacterData.of(I)Ljava/lang/CharacterData; @ 4 c2
Event: 7.362 Thread 0x0000027a20ca3c50 DEOPT PACKING pc=0x0000027a2e4216f4 sp=0x000000f9ec1fe0b0
Event: 7.362 Thread 0x0000027a20ca3c50 DEOPT UNPACKING pc=0x0000027a2de846a2 sp=0x000000f9ec1fe048 mode 2

Classes loaded (20 events):
Event: 7.365 Loading class java/util/ResourceBundle$3
Event: 7.366 Loading class java/util/ResourceBundle$3 done
Event: 7.367 Loading class sun/util/logging/resources/logging
Event: 7.367 Loading class sun/util/logging/resources/logging done
Event: 7.367 Loading class java/util/ResourceBundle$BundleReference
Event: 7.368 Loading class java/util/ResourceBundle$BundleReference done
Event: 7.368 Loading class sun/util/logging/resources/logging_en
Event: 7.368 Loading class sun/util/logging/resources/logging_en done
Event: 7.368 Loading class sun/util/logging/resources/logging_en
Event: 7.368 Loading class sun/util/logging/resources/logging_en done
Event: 7.369 Loading class sun/util/logging/resources/logging_en_US
Event: 7.369 Loading class sun/util/logging/resources/logging_en_US done
Event: 7.369 Loading class sun/util/logging/resources/logging_en_US
Event: 7.369 Loading class sun/util/logging/resources/logging_en_US done
Event: 7.369 Loading class java/util/Formatter$DateTime
Event: 7.369 Loading class java/util/Formatter$DateTime done
Event: 7.370 Loading class java/time/ZonedDateTime$1
Event: 7.370 Loading class java/time/ZonedDateTime$1 done
Event: 7.382 Loading class java/util/LinkedList$DescendingIterator
Event: 7.382 Loading class java/util/LinkedList$DescendingIterator done

Classes unloaded (0 events):
No events

Classes redefined (0 events):
No events

Internal exceptions (20 events):
Event: 3.483 Thread 0x0000027a20ca3c50 Exception <a 'java/lang/NoSuchMethodError'{0x000000008a4f83d8}: 'java.lang.Object java.lang.invoke.DirectMethodHandle$Holder.invokeVirtual(java.lang.Object, java.lang.Object, java.lang.Object, java.lang.Object)'> (0x000000008a4f83d8) 
thrown [s\src\hotspot\share\interpreter\linkResolver.cpp, line 773]
Event: 3.511 Thread 0x0000027a00ac7790 Exception <a 'java/net/ConnectException'{0x000000008a3be650}: Connection refused: getsockopt> (0x000000008a3be650) 
thrown [s\src\hotspot\share\prims\jni.cpp, line 539]
Event: 3.534 Thread 0x0000027a00ac7790 Exception <a 'java/net/ConnectException'{0x000000008a3bf7a0}: Connection refused: getsockopt> (0x000000008a3bf7a0) 
thrown [s\src\hotspot\share\prims\jni.cpp, line 539]
Event: 3.580 Thread 0x0000027a00ac7790 Exception <a 'java/net/ConnectException'{0x000000008a3c06e8}: Connection refused: getsockopt> (0x000000008a3c06e8) 
thrown [s\src\hotspot\share\prims\jni.cpp, line 539]
Event: 3.645 Thread 0x0000027a00ac7790 Exception <a 'java/net/ConnectException'{0x000000008a3c1630}: Connection refused: getsockopt> (0x000000008a3c1630) 
thrown [s\src\hotspot\share\prims\jni.cpp, line 539]
Event: 3.756 Thread 0x0000027a00ac7790 Exception <a 'java/net/ConnectException'{0x000000008a3c2578}: Connection refused: getsockopt> (0x000000008a3c2578) 
thrown [s\src\hotspot\share\prims\jni.cpp, line 539]
Event: 3.948 Thread 0x0000027a00ac7790 Exception <a 'java/net/ConnectException'{0x000000008a3c34c0}: Connection refused: getsockopt> (0x000000008a3c34c0) 
thrown [s\src\hotspot\share\prims\jni.cpp, line 539]
Event: 4.295 Thread 0x0000027a00ac7790 Exception <a 'java/net/ConnectException'{0x000000008a3c4408}: Connection refused: getsockopt> (0x000000008a3c4408) 
thrown [s\src\hotspot\share\prims\jni.cpp, line 539]
Event: 4.622 Thread 0x0000027a00ac7790 Exception <a 'java/net/ConnectException'{0x000000008a3c5350}: Connection refused: getsockopt> (0x000000008a3c5350) 
thrown [s\src\hotspot\share\prims\jni.cpp, line 539]
Event: 4.965 Thread 0x0000027a00ac7790 Exception <a 'java/net/ConnectException'{0x000000008a3c6298}: Connection refused: getsockopt> (0x000000008a3c6298) 
thrown [s\src\hotspot\share\prims\jni.cpp, line 539]
Event: 5.402 Thread 0x0000027a20ca3c50 Exception <a 'java/lang/NoSuchMethodError'{0x000000008a23e4b0}: 'java.lang.Object java.lang.invoke.DirectMethodHandle$Holder.newInvokeSpecial(java.lang.Object, java.lang.Object, int, int)'> (0x000000008a23e4b0) 
thrown [s\src\hotspot\share\interpreter\linkResolver.cpp, line 773]
Event: 5.410 Thread 0x0000027a20ca3c50 Exception <a 'java/lang/NoSuchMethodError'{0x000000008a248d30}: 'void java.lang.invoke.DirectMethodHandle$Holder.invokeStatic(java.lang.Object, java.lang.Object, int)'> (0x000000008a248d30) 
thrown [s\src\hotspot\share\interpreter\linkResolver.cpp, line 773]
Event: 5.448 Thread 0x0000027a20ca3c50 Exception <a 'java/lang/NoSuchMethodError'{0x000000008a2c48b0}: 'java.lang.Object java.lang.invoke.DirectMethodHandle$Holder.newInvokeSpecial(java.lang.Object, java.lang.Object, java.lang.Object, java.lang.Object, java.lang.Object)'> (0x000000008a2c48b0) 
thrown [s\src\hotspot\share\interpreter\linkResolver.cpp, line 773]
Event: 5.550 Thread 0x0000027a0051b7f0 Exception <a 'java/lang/NoSuchMethodError'{0x0000000089f13728}: 'java.lang.Object java.lang.invoke.DirectMethodHandle$Holder.invokeSpecial(java.lang.Object, java.lang.Object, java.lang.Object, java.lang.Object, int)'> (0x0000000089f13728) 
thrown [s\src\hotspot\share\interpreter\linkResolver.cpp, line 773]
Event: 5.550 Thread 0x0000027a0051b7f0 Exception <a 'java/lang/NoSuchMethodError'{0x0000000089f17090}: 'java.lang.Object java.lang.invoke.Invokers$Holder.linkToTargetMethod(java.lang.Object, java.lang.Object, int, java.lang.Object)'> (0x0000000089f17090) 
thrown [s\src\hotspot\share\interpreter\linkResolver.cpp, line 773]
Event: 5.575 Thread 0x0000027a0051b7f0 Exception <a 'java/lang/NoSuchMethodError'{0x0000000089f8a500}: 'void java.lang.invoke.DirectMethodHandle$Holder.invokeSpecial(java.lang.Object, java.lang.Object, java.lang.Object)'> (0x0000000089f8a500) 
thrown [s\src\hotspot\share\interpreter\linkResolver.cpp, line 773]
Event: 5.600 Thread 0x0000027a0051b7f0 Exception <a 'java/lang/NoSuchMethodError'{0x0000000089e302f8}: 'void java.lang.invoke.DirectMethodHandle$Holder.invokeSpecial(java.lang.Object, java.lang.Object, java.lang.Object, java.lang.Object, java.lang.Object)'> (0x0000000089e302f8) 
thrown [s\src\hotspot\share\interpreter\linkResolver.cpp, line 773]
Event: 6.984 Thread 0x0000027a0051b7f0 Exception <a 'java/lang/NoSuchMethodError'{0x0000000089dbda88}: 'void java.lang.invoke.DirectMethodHandle$Holder.invokeSpecial(java.lang.Object, java.lang.Object, java.lang.Object, java.lang.Object, java.lang.Object, java.lang.Object, java.lang.Object)'> (0x0000000089dbda88) 
thrown [s\src\hotspot\share\interpreter\linkResolver.cpp, line 773]
Event: 7.022 Thread 0x0000027a20ca3c50 Exception <a 'java/lang/NoSuchMethodError'{0x000000008a053110}: 'java.lang.Object java.lang.invoke.DirectMethodHandle$Holder.invokeSpecialIFC(java.lang.Object, java.lang.Object, java.lang.Object)'> (0x000000008a053110) 
thrown [s\src\hotspot\share\interpreter\linkResolver.cpp, line 773]
Event: 7.366 Thread 0x0000027a20ca3c50 Exception <a 'java/lang/ClassNotFoundException'{0x000000008989bc88}: sun/util/logging/resources/spi/loggingProvider> (0x000000008989bc88) 
thrown [s\src\hotspot\share\classfile\systemDictionary.cpp, line 312]

ZGC Phase Switch (0 events):
No events

VM Operations (20 events):
Event: 3.028 Executing VM operation: HandshakeAllThreads (Deoptimize)
Event: 3.028 Executing VM operation: HandshakeAllThreads (Deoptimize) done
Event: 3.164 Executing VM operation: HandshakeAllThreads (Deoptimize)
Event: 3.164 Executing VM operation: HandshakeAllThreads (Deoptimize) done
Event: 3.411 Executing VM operation: G1CollectForAllocation (G1 Evacuation Pause)
Event: 3.419 Executing VM operation: G1CollectForAllocation (G1 Evacuation Pause) done
Event: 4.420 Executing VM operation: Cleanup
Event: 4.420 Executing VM operation: Cleanup done
Event: 5.306 Executing VM operation: HandshakeAllThreads (Deoptimize)
Event: 5.306 Executing VM operation: HandshakeAllThreads (Deoptimize) done
Event: 6.314 Executing VM operation: Cleanup
Event: 6.314 Executing VM operation: Cleanup done
Event: 6.956 Executing VM operation: HandshakeAllThreads (Deoptimize)
Event: 6.957 Executing VM operation: HandshakeAllThreads (Deoptimize) done
Event: 6.960 Executing VM operation: HandshakeAllThreads (Deoptimize)
Event: 6.960 Executing VM operation: HandshakeAllThreads (Deoptimize) done
Event: 7.361 Executing VM operation: HandshakeAllThreads (Deoptimize)
Event: 7.361 Executing VM operation: HandshakeAllThreads (Deoptimize) done
Event: 7.361 Executing VM operation: Cleanup
Event: 7.361 Executing VM operation: Cleanup done

Memory protections (0 events):
No events

Nmethod flushes (0 events):
No events

Events (20 events):
Event: 0.101 Thread 0x0000027a20ca3c50 Thread added: 0x0000027a0012aa90
Event: 0.428 Thread 0x0000027a20ca3c50 Thread added: 0x0000027a00131120
Event: 0.593 Thread 0x0000027a3adee6b0 Thread added: 0x0000027a00198020
Event: 0.778 Thread 0x0000027a00198020 Thread exited: 0x0000027a00198020
Event: 1.378 Thread 0x0000027a20ca3c50 Thread added: 0x0000027a004a7580
Event: 2.788 Thread 0x0000027a004a7580 Thread exited: 0x0000027a004a7580
Event: 2.875 Thread 0x0000027a20ca3c50 Thread added: 0x0000027a0097f5b0
Event: 3.459 Thread 0x0000027a20ca3c50 Thread added: 0x0000027a00a9e2a0
Event: 3.489 Thread 0x0000027a20ca3c50 Thread added: 0x0000027a00aae240
Event: 3.490 Thread 0x0000027a20ca3c50 Thread added: 0x0000027a00ab3f30
Event: 3.491 Thread 0x0000027a20ca3c50 Thread added: 0x0000027a00ac5910
Event: 3.495 Thread 0x0000027a00ab3f30 Thread added: 0x0000027a00ac7790
Event: 5.305 Thread 0x0000027a00ac7790 Thread added: 0x0000027a0061f690
Event: 5.525 Thread 0x0000027a20ca3c50 Thread added: 0x0000027a0051b7f0
Event: 5.624 Thread 0x0000027a00a9e2a0 Thread added: 0x0000027a003be4f0
Event: 5.624 Thread 0x0000027a00a9e2a0 Thread added: 0x0000027a003bde60
Event: 7.128 Thread 0x0000027a20ca3c50 Thread added: 0x0000027a003bb070
Event: 7.130 Thread 0x0000027a20ca3c50 Thread added: 0x0000027a003bc420
Event: 7.133 Thread 0x0000027a003bb070 Thread added: 0x0000027a003bcab0
Event: 7.133 Thread 0x0000027a003bb070 Thread added: 0x0000027a003bb700


Dynamic libraries:
0x00007ff63fbb0000 - 0x00007ff63fbbe000 	C:\Users\HOME\.p2\pool\plugins\org.eclipse.justj.openjdk.hotspot.jre.full.win32.x86_64_21.0.6.v20250130-0529\jre\bin\javaw.exe
0x00007ffb65eb0000 - 0x00007ffb660a8000 	C:\WINDOWS\SYSTEM32\ntdll.dll
0x00007ffb63ed0000 - 0x00007ffb63f92000 	C:\WINDOWS\System32\KERNEL32.DLL
0x00007ffb63870000 - 0x00007ffb63b66000 	C:\WINDOWS\System32\KERNELBASE.dll
0x00007ffb63770000 - 0x00007ffb63870000 	C:\WINDOWS\System32\ucrtbase.dll
0x00007ffb5b6c0000 - 0x00007ffb5b6de000 	C:\Users\HOME\.p2\pool\plugins\org.eclipse.justj.openjdk.hotspot.jre.full.win32.x86_64_21.0.6.v20250130-0529\jre\bin\VCRUNTIME140.dll
0x00007ffb5b6a0000 - 0x00007ffb5b6b8000 	C:\Users\HOME\.p2\pool\plugins\org.eclipse.justj.openjdk.hotspot.jre.full.win32.x86_64_21.0.6.v20250130-0529\jre\bin\jli.dll
0x00007ffb64ec0000 - 0x00007ffb6505d000 	C:\WINDOWS\System32\USER32.dll
0x00007ffb63620000 - 0x00007ffb63642000 	C:\WINDOWS\System32\win32u.dll
0x00007ffb52760000 - 0x00007ffb529fa000 	C:\WINDOWS\WinSxS\amd64_microsoft.windows.common-controls_6595b64144ccf1df_6.0.19041.4355_none_60b8b9eb71f62e16\COMCTL32.dll
0x00007ffb65060000 - 0x00007ffb6508b000 	C:\WINDOWS\System32\GDI32.dll
0x00007ffb64320000 - 0x00007ffb643be000 	C:\WINDOWS\System32\msvcrt.dll
0x00007ffb63650000 - 0x00007ffb6376a000 	C:\WINDOWS\System32\gdi32full.dll
0x00007ffb63d50000 - 0x00007ffb63ded000 	C:\WINDOWS\System32\msvcp_win.dll
0x00007ffb65a00000 - 0x00007ffb65a2f000 	C:\WINDOWS\System32\IMM32.DLL
0x00007ffb5eec0000 - 0x00007ffb5eecc000 	C:\Users\HOME\.p2\pool\plugins\org.eclipse.justj.openjdk.hotspot.jre.full.win32.x86_64_21.0.6.v20250130-0529\jre\bin\vcruntime140_1.dll
0x00007ffb59050000 - 0x00007ffb590dd000 	C:\Users\HOME\.p2\pool\plugins\org.eclipse.justj.openjdk.hotspot.jre.full.win32.x86_64_21.0.6.v20250130-0529\jre\bin\msvcp140.dll
0x00007ffaf19c0000 - 0x00007ffaf2750000 	C:\Users\HOME\.p2\pool\plugins\org.eclipse.justj.openjdk.hotspot.jre.full.win32.x86_64_21.0.6.v20250130-0529\jre\bin\server\jvm.dll
0x00007ffb65870000 - 0x00007ffb6591f000 	C:\WINDOWS\System32\ADVAPI32.dll
0x00007ffb64580000 - 0x00007ffb6461f000 	C:\WINDOWS\System32\sechost.dll
0x00007ffb64620000 - 0x00007ffb64743000 	C:\WINDOWS\System32\RPCRT4.dll
0x00007ffb635f0000 - 0x00007ffb63617000 	C:\WINDOWS\System32\bcrypt.dll
0x00007ffb64510000 - 0x00007ffb6457b000 	C:\WINDOWS\System32\WS2_32.dll
0x00007ffb633a0000 - 0x00007ffb633eb000 	C:\WINDOWS\SYSTEM32\POWRPROF.dll
0x00007ffb51f30000 - 0x00007ffb51f57000 	C:\WINDOWS\SYSTEM32\WINMM.dll
0x00007ffb5a840000 - 0x00007ffb5a84a000 	C:\WINDOWS\SYSTEM32\VERSION.dll
0x00007ffb63380000 - 0x00007ffb63392000 	C:\WINDOWS\SYSTEM32\UMPDC.dll
0x00007ffb61d90000 - 0x00007ffb61da2000 	C:\WINDOWS\SYSTEM32\kernel.appcore.dll
0x00007ffb5e8e0000 - 0x00007ffb5e8ea000 	C:\Users\HOME\.p2\pool\plugins\org.eclipse.justj.openjdk.hotspot.jre.full.win32.x86_64_21.0.6.v20250130-0529\jre\bin\jimage.dll
0x00007ffb612b0000 - 0x00007ffb61494000 	C:\WINDOWS\SYSTEM32\DBGHELP.DLL
0x00007ffb5ff70000 - 0x00007ffb5ffa4000 	C:\WINDOWS\SYSTEM32\dbgcore.DLL
0x00007ffb63e40000 - 0x00007ffb63ec2000 	C:\WINDOWS\System32\bcryptPrimitives.dll
0x00007ffb5b560000 - 0x00007ffb5b57f000 	C:\Users\HOME\.p2\pool\plugins\org.eclipse.justj.openjdk.hotspot.jre.full.win32.x86_64_21.0.6.v20250130-0529\jre\bin\java.dll
0x00007ffb64750000 - 0x00007ffb64ebf000 	C:\WINDOWS\System32\SHELL32.dll
0x00007ffb615a0000 - 0x00007ffb61d43000 	C:\WINDOWS\SYSTEM32\windows.storage.dll
0x00007ffb65b10000 - 0x00007ffb65e65000 	C:\WINDOWS\System32\combase.dll
0x00007ffb62ea0000 - 0x00007ffb62ecb000 	C:\WINDOWS\SYSTEM32\Wldp.dll
0x00007ffb65930000 - 0x00007ffb659fd000 	C:\WINDOWS\System32\OLEAUT32.dll
0x00007ffb64090000 - 0x00007ffb6413d000 	C:\WINDOWS\System32\SHCORE.dll
0x00007ffb64420000 - 0x00007ffb64475000 	C:\WINDOWS\System32\shlwapi.dll
0x00007ffb63470000 - 0x00007ffb63495000 	C:\WINDOWS\SYSTEM32\profapi.dll
0x00007ffb590e0000 - 0x00007ffb590f8000 	C:\Users\HOME\.p2\pool\plugins\org.eclipse.justj.openjdk.hotspot.jre.full.win32.x86_64_21.0.6.v20250130-0529\jre\bin\zip.dll
0x00007ffb5c170000 - 0x00007ffb5c180000 	C:\Users\HOME\.p2\pool\plugins\org.eclipse.justj.openjdk.hotspot.jre.full.win32.x86_64_21.0.6.v20250130-0529\jre\bin\net.dll
0x00007ffb57220000 - 0x00007ffb5732a000 	C:\WINDOWS\SYSTEM32\WINHTTP.dll
0x00007ffb62c00000 - 0x00007ffb62c6c000 	C:\WINDOWS\system32\mswsock.dll
0x00007ffb58eb0000 - 0x00007ffb58ec6000 	C:\Users\HOME\.p2\pool\plugins\org.eclipse.justj.openjdk.hotspot.jre.full.win32.x86_64_21.0.6.v20250130-0529\jre\bin\nio.dll
0x00007ffb5fb70000 - 0x00007ffb5fb79000 	C:\Users\HOME\.p2\pool\plugins\org.eclipse.justj.openjdk.hotspot.jre.full.win32.x86_64_21.0.6.v20250130-0529\jre\bin\extnet.dll
0x00007ffb62920000 - 0x00007ffb629ea000 	C:\WINDOWS\SYSTEM32\DNSAPI.dll
0x00007ffb628e0000 - 0x00007ffb6291b000 	C:\WINDOWS\SYSTEM32\IPHLPAPI.DLL
0x00007ffb65920000 - 0x00007ffb65928000 	C:\WINDOWS\System32\NSI.dll
0x00007ffb52350000 - 0x00007ffb5235a000 	C:\Windows\System32\rasadhlp.dll
0x00007ffb52370000 - 0x00007ffb523f0000 	C:\WINDOWS\System32\fwpuclnt.dll
0x00007ffb50e80000 - 0x00007ffb50e8e000 	C:\Users\HOME\.p2\pool\plugins\org.eclipse.justj.openjdk.hotspot.jre.full.win32.x86_64_21.0.6.v20250130-0529\jre\bin\sunmscapi.dll
0x00007ffb63b70000 - 0x00007ffb63ccd000 	C:\WINDOWS\System32\CRYPT32.dll
0x00007ffb62f10000 - 0x00007ffb62f37000 	C:\WINDOWS\SYSTEM32\ncrypt.dll
0x00007ffb62ed0000 - 0x00007ffb62f0b000 	C:\WINDOWS\SYSTEM32\NTASN1.dll
0x00007ffb62df0000 - 0x00007ffb62e08000 	C:\WINDOWS\SYSTEM32\CRYPTSP.dll
0x00007ffb62520000 - 0x00007ffb62558000 	C:\WINDOWS\system32\rsaenh.dll
0x00007ffb63430000 - 0x00007ffb6345e000 	C:\WINDOWS\SYSTEM32\USERENV.dll
0x00007ffb62e10000 - 0x00007ffb62e1c000 	C:\WINDOWS\SYSTEM32\CRYPTBASE.dll
0x00007ffb45850000 - 0x00007ffb45857000 	C:\WINDOWS\system32\wshunix.dll

dbghelp: loaded successfully - version: 4.0.5 - missing functions: none
symbol engine: initialized successfully - sym options: 0x614 - pdb path: .;C:\Users\HOME\.p2\pool\plugins\org.eclipse.justj.openjdk.hotspot.jre.full.win32.x86_64_21.0.6.v20250130-0529\jre\bin;C:\WINDOWS\SYSTEM32;C:\WINDOWS\WinSxS\amd64_microsoft.windows.common-controls_6595b64144ccf1df_6.0.19041.4355_none_60b8b9eb71f62e16;C:\Users\HOME\.p2\pool\plugins\org.eclipse.justj.openjdk.hotspot.jre.full.win32.x86_64_21.0.6.v20250130-0529\jre\bin\server

VM Arguments:
jvm_args: -Dfile.encoding=UTF-8 -Dstdout.encoding=UTF-8 -Dstderr.encoding=UTF-8 -XX:+ShowCodeDetailsInExceptionMessages 
java_command: SeleniumTask10.SeleniumTask10Q3
java_class_path (initial): C:\Users\HOME\eclipse-workspace\SeleniumTask\target\test-classes;C:\Users\HOME\eclipse-workspace\SeleniumTask\target\classes;C:\Users\HOME\.m2\repository\org\seleniumhq\selenium\selenium-java\4.20.0\selenium-java-4.20.0.jar;C:\Users\HOME\.m2\repository\org\seleniumhq\selenium\selenium-api\4.20.0\selenium-api-4.20.0.jar;C:\Users\HOME\.m2\repository\org\seleniumhq\selenium\selenium-chrome-driver\4.20.0\selenium-chrome-driver-4.20.0.jar;C:\Users\HOME\.m2\repository\com\google\auto\service\auto-service-annotations\1.1.1\auto-service-annotations-1.1.1.jar;C:\Users\HOME\.m2\repository\org\seleniumhq\selenium\selenium-chromium-driver\4.20.0\selenium-chromium-driver-4.20.0.jar;C:\Users\HOME\.m2\repository\org\seleniumhq\selenium\selenium-json\4.20.0\selenium-json-4.20.0.jar;C:\Users\HOME\.m2\repository\org\seleniumhq\selenium\selenium-manager\4.20.0\selenium-manager-4.20.0.jar;C:\Users\HOME\.m2\repository\org\seleniumhq\selenium\selenium-devtools-v122\4.20.0\selenium-devtools-v122-4.20.0.jar;C:\Users\HOME\.m2\repository\org\seleniumhq\selenium\selenium-devtools-v123\4.20.0\selenium-devtools-v123-4.20.0.jar;C:\Users\HOME\.m2\repository\org\seleniumhq\selenium\selenium-devtools-v124\4.20.0\selenium-devtools-v124-4.20.0.jar;C:\Users\HOME\.m2\repository\org\seleniumhq\selenium\selenium-devtools-v85\4.20.0\selenium-devtools-v85-4.20.0.jar;C:\Users\HOME\.m2\repository\org\seleniumhq\selenium\selenium-edge-driver\4.20.0\selenium-edge-driver-4.20.0.jar;C:\Users\HOME\.m2\repository\org\seleniumhq\selenium\selenium-firefox-driver\4.20.0\selenium-firefox-driver-4.20.0.jar;C:\Users\HOME\.m2\repository\org\seleniumhq\selenium\selenium-http\4.20.0\selenium-http-4.20.0.jar;C:\Users\HOME\.m2\repository\dev\failsafe\failsafe\3.3.2\failsafe-3.3.2.jar;C:\Users\HOME\.m2\repository\org\seleniumhq\selenium\selenium-ie-driver\4.20.0\selenium-ie-driver-4.20.0.jar;C:\Users\HOME\.m2\repository\org\seleniumhq\selenium\selenium-remote-driver\4.20.0\selenium-remote-driver-4.20.0.jar;C:\Users\HOME\.m2\repository\com\google\guava\guava\33.1.0-jre\guava-33.1.0-jre.jar;C:\Users\HOME\.m2\repository\com\google\guava\failureaccess\1.0.2\failureaccess-1.0.2.jar;C:\Users\HOME\.m2\repository\com\google\guava\listenablefuture\9999.0-empty-to-avoid-conflict-with-guava\listenablefuture-9999.0-empty-to-avoid-conflict-with-guava.jar;C:\Users\HOME\.m2\repository\com\google\code\findbugs\jsr305\3.0.2\jsr305-3.0.2.jar;C:\Users\HOME\.m2\repository\org\checkerframework\checker-qual\3.42.0\checker-qual-3.42.0.jar;C:\Users\HOME\.m2\repository\com\google\errorprone\error_prone_annotations\2.26.1\error_prone_annotations-2.26.1.jar;C:\Users\HOME\.m2\repository\com\google\j2objc\j2objc-annotations\3.0.0\j2objc-annotations-3.0.0.jar;C:\Users\HOME\.m2\repository\io\opentelemetry\semconv\opentelemetry-semconv\1.25.0-alpha\opentelemetry-semconv-1.25.0-alpha.jar;C:\Users\HOME\.m2\repository\io\opentelemetry\opentelemetry-api\1.37.0\opentelemetry-api-1.37.0.jar;C:\Users\HOME\.m2\repository\io\opentelemetry\opentelemetry-context\1.37.0\opentelemetry-context-1.37.0.jar;C:\Users\HOME\.m2\repository\io\opentelemetry\opentelemetry-exporter-logging\1.37.0\opentelemetry-exporter-logging-1.37.0.jar;C:\Users\HOME\.m2\repository\io\opentelemetry\opentelemetry-sdk-common\1.37.0\opentelemetry-sdk-common-1.37.0.jar;C:\Users\HOME\.m2\repository\io\opentelemetry\opentelemetry-sdk-extension-autoconfigure-spi\1.37.0\opentelemetry-sdk-extension-autoconfigure-spi-1.37.0.jar;C:\Users\HOME\.m2\repository\io\opentelemetry\opentelemetry-sdk-extension-autoconfigure\1.37.0\opentelemetry-sdk-extension-autoconfigure-1.37.0.jar;C:\Users\HOME\.m2\repository\io\opentelemetry\opentelemetry-api-incubator\1.37.0-alpha\opentelemetry-api-incubator-1.37.0-alpha.jar;C:\Users\HOME\.m2\repository\io\opentelemetry\opentelemetry-sdk-trace\1.37.0\opentelemetry-sdk-trace-1.37.0.jar;C:\Users\HOME\.m2\repository\io\opentelemetry\opentelemetry-sdk\1.37.0\opentelemetry-sdk-1.37.0.jar;C:\Users\HOME\.m2\repository\io\opentelemetry\opentelemetry-sdk-metrics\1.37.0\opentelemetry-sdk-metrics-1.37.0.jar;C:\Users\HOME\.m2\repository\io\opentelemetry\opentelemetry-sdk-logs\1.37.0\opentelemetry-sdk-logs-1.37.0.jar;C:\Users\HOME\.m2\repository\net\bytebuddy\byte-buddy\1.14.14\byte-buddy-1.14.14.jar;C:\Users\HOME\.m2\repository\org\seleniumhq\selenium\selenium-os\4.20.0\selenium-os-4.20.0.jar;C:\Users\HOME\.m2\repository\org\apache\commons\commons-exec\1.4.0\commons-exec-1.4.0.jar;C:\Users\HOME\.m2\repository\org\seleniumhq\selenium\selenium-safari-driver\4.20.0\selenium-safari-driver-4.20.0.jar;C:\Users\HOME\.m2\repository\org\seleniumhq\selenium\selenium-support\4.20.0\selenium-support-4.20.0.jar
Launcher Type: SUN_STANDARD

[Global flags]
     intx CICompilerCount                          = 4                                         {product} {ergonomic}
     uint ConcGCThreads                            = 2                                         {product} {ergonomic}
     uint G1ConcRefinementThreads                  = 8                                         {product} {ergonomic}
   size_t G1HeapRegionSize                         = 1048576                                   {product} {ergonomic}
    uintx GCDrainStackTargetSize                   = 64                                        {product} {ergonomic}
   size_t InitialHeapSize                          = 132120576                                 {product} {ergonomic}
   size_t MarkStackSize                            = 4194304                                   {product} {ergonomic}
   size_t MaxHeapSize                              = 2105540608                                {product} {ergonomic}
   size_t MaxNewSize                               = 1262485504                                {product} {ergonomic}
   size_t MinHeapDeltaBytes                        = 1048576                                   {product} {ergonomic}
   size_t MinHeapSize                              = 8388608                                   {product} {ergonomic}
    uintx NonNMethodCodeHeapSize                   = 5839372                                {pd product} {ergonomic}
    uintx NonProfiledCodeHeapSize                  = 122909434                              {pd product} {ergonomic}
    uintx ProfiledCodeHeapSize                     = 122909434                              {pd product} {ergonomic}
    uintx ReservedCodeCacheSize                    = 251658240                              {pd product} {ergonomic}
     bool SegmentedCodeCache                       = true                                      {product} {ergonomic}
     bool ShowCodeDetailsInExceptionMessages       = true                                   {manageable} {command line}
   size_t SoftMaxHeapSize                          = 2105540608                             {manageable} {ergonomic}
     bool UseCompressedOops                        = true                           {product lp64_product} {ergonomic}
     bool UseG1GC                                  = true                                      {product} {ergonomic}
     bool UseLargePagesIndividualAllocation        = false                                  {pd product} {ergonomic}

Logging:
Log output configuration:
 #0: stdout all=warning uptime,level,tags foldmultilines=false
 #1: stderr all=off uptime,level,tags foldmultilines=false

Environment Variables:
PATH=C:/Users/HOME/.p2/pool/plugins/org.eclipse.justj.openjdk.hotspot.jre.full.win32.x86_64_21.0.6.v20250130-0529/jre/bin/server;C:/Users/HOME/.p2/pool/plugins/org.eclipse.justj.openjdk.hotspot.jre.full.win32.x86_64_21.0.6.v20250130-0529/jre/bin;C:\Program Files\Common Files\Oracle\Java\javapath;C:\WINDOWS\system32;C:\WINDOWS;C:\WINDOWS\System32\Wbem;C:\WINDOWS\System32\WindowsPowerShell\v1.0\;C:\WINDOWS\System32\OpenSSH\;C:\Program Files\Git\cmd;C:\maven\apache-maven-3.9.9\bin;C:\Program Files\MySQL\MySQL Shell 8.0\bin\;C:\Users\HOME\AppData\Local\Microsoft\WindowsApps;;C:\Users\HOME\eclipse\jee-2025-03\eclipse;
USERNAME=HOME
OS=Windows_NT
PROCESSOR_IDENTIFIER=Intel64 Family 6 Model 142 Stepping 10, GenuineIntel
TMP=C:\Users\HOME\AppData\Local\Temp
TEMP=C:\Users\HOME\AppData\Local\Temp




Periodic native trim disabled

---------------  S Y S T E M  ---------------

OS:
 Windows 10 , 64 bit Build 19041 (10.0.19041.5678)
OS uptime: 4 days 1:00 hours

CPU: total 8 (initial active 8) (4 cores per cpu, 2 threads per core) family 6 model 142 stepping 10 microcode 0xb4, cx8, cmov, fxsr, ht, mmx, 3dnowpref, sse, sse2, sse3, ssse3, sse4.1, sse4.2, popcnt, lzcnt, tsc, tscinvbit, avx, avx2, aes, erms, clmul, bmi1, bmi2, adx, fma, vzeroupper, clflush, clflushopt, rdtscp, f16c
Processor Information for processor 0
  Max Mhz: 1801, Current Mhz: 1500, Mhz Limit: 1801
Processor Information for processor 1
  Max Mhz: 1801, Current Mhz: 1500, Mhz Limit: 1801
Processor Information for processor 2
  Max Mhz: 1801, Current Mhz: 1801, Mhz Limit: 1801
Processor Information for processor 3
  Max Mhz: 1801, Current Mhz: 1500, Mhz Limit: 1801
Processor Information for processor 4
  Max Mhz: 1801, Current Mhz: 1500, Mhz Limit: 1801
Processor Information for processor 5
  Max Mhz: 1801, Current Mhz: 1500, Mhz Limit: 1801
Processor Information for processor 6
  Max Mhz: 1801, Current Mhz: 1801, Mhz Limit: 1801
Processor Information for processor 7
  Max Mhz: 1801, Current Mhz: 1500, Mhz Limit: 1801

Memory: 4k page, system-wide physical 8025M (254M free)
TotalPageFile size 20745M (AvailPageFile size 56M)
current process WorkingSet (physical memory assigned to process): 112M, peak: 115M
current process commit charge ("private bytes"): 249M, peak: 251M

vm_info: OpenJDK 64-Bit Server VM (21.0.6+7-LTS) for windows-amd64 JRE (21.0.6+7-LTS), built on 2025-01-21T00:00:00Z by "admin" with MS VC++ 17.7 (VS2022)

END.
